src/app/[locale]/mentors/[id]/page.tsx(53,24): error TS2307: Cannot find module '@/components/ui/button' or its corresponding type declarations.
src/app/[locale]/mentors/[id]/page.tsx(54,23): error TS2307: Cannot find module '@/components/ui/badge' or its corresponding type declarations.
src/app/[locale]/mentors/[id]/page.tsx(55,23): error TS2307: Cannot find module '@/components/ui/input' or its corresponding type declarations.
src/app/[locale]/mentors/[id]/page.tsx(58,30): error TS2307: Cannot find module '@/components/mentors/BookingModal' or its corresponding type declarations.
src/app/[locale]/mentors/[id]/page.tsx(59,25): error TS2307: Cannot find module '@/components/mentors/ReviewModal' or its corresponding type declarations.
src/app/[locale]/mentors/[id]/page.tsx(60,35): error TS2307: Cannot find module '@/components/ui/avatar-placeholder' or its corresponding type declarations.
src/app/[locale]/mentors/[id]/page.tsx(61,36): error TS2307: Cannot find module '@/components/modals/MentorPaymentModal' or its corresponding type declarations.
src/app/[locale]/mentors/[id]/page.tsx(62,30): error TS2307: Cannot find module '@/contexts/AuthModalContext' or its corresponding type declarations.
src/app/[locale]/mentors/[id]/page.tsx(63,68): error TS2307: Cannot find module '@/components/credentials/CredentialsSection' or its corresponding type declarations.
src/app/[locale]/mentors/[id]/page.tsx(64,30): error TS2307: Cannot find module '@/components/modals/UploadMediaModal' or its corresponding type declarations.
src/app/[locale]/mentors/[id]/page.tsx(327,29): error TS2339: Property 'id' does not exist on type '{ name?: string; email?: string; image?: string; }'.
src/app/[locale]/mentors/[id]/page.tsx(484,28): error TS2339: Property 'id' does not exist on type '{ name?: string; email?: string; image?: string; }'.
src/app/[locale]/mentors/[id]/page.tsx(522,43): error TS2339: Property 'id' does not exist on type '{ name?: string; email?: string; image?: string; }'.
src/app/[locale]/mentors/[id]/page.tsx(525,30): error TS2339: Property 'id' does not exist on type '{ name?: string; email?: string; image?: string; }'.
src/app/[locale]/mentors/[id]/page.tsx(1339,46): error TS2339: Property 'id' does not exist on type '{ name?: string; email?: string; image?: string; }'.
